F:\ecom\lab2\Week2_project2\FPGALEDS\implementation\system.ngc 1479298614
F:/ecom/lab2/Week2_project2/FPGALEDS/implementation/system_microblaze_0_wrapper.ngc 1479298525
F:/ecom/lab2/Week2_project2/FPGALEDS/implementation/system_mb_plb_wrapper.ngc 1479298286
F:/ecom/lab2/Week2_project2/FPGALEDS/implementation/system_ilmb_wrapper.ngc 1479298286
F:/ecom/lab2/Week2_project2/FPGALEDS/implementation/system_dlmb_wrapper.ngc 1479298286
F:/ecom/lab2/Week2_project2/FPGALEDS/implementation/system_dlmb_cntlr_wrapper.ngc 1479298286
F:/ecom/lab2/Week2_project2/FPGALEDS/implementation/system_ilmb_cntlr_wrapper.ngc 1479298286
F:/ecom/lab2/Week2_project2/FPGALEDS/implementation/system_lmb_bram_wrapper.ngc 1479298286
F:/ecom/lab2/Week2_project2/FPGALEDS/implementation/system_clock_generator_0_wrapper.ngc 1479298528
F:/ecom/lab2/Week2_project2/FPGALEDS/implementation/system_mdm_0_wrapper.ngc 1479298286
F:/ecom/lab2/Week2_project2/FPGALEDS/implementation/system_proc_sys_reset_0_wrapper.ngc 1479298286
F:/ecom/lab2/Week2_project2/FPGALEDS/implementation/system_leds_gpio_wrapper.ngc 1479298287
F:/ecom/lab2/Week2_project2/FPGALEDS/implementation/system_vga_interface_0_wrapper.ngc 1479298501
F:/ecom/lab2/Week2_project2/FPGALEDS/implementation/system_camera_interface_0_wrapper.ngc 1479298509
F:/ecom/lab2/Week2_project2/FPGALEDS/implementation/system_camera2mb_wrapper.ngc 1479298531
F:/ecom/lab2/Week2_project2/FPGALEDS/implementation/system_mb2vga_wrapper.ngc 1479298534
OK
