F:\ecom\lab2\Week5_project2\implementation\system.ngc 1481109798
F:/ecom/lab2/Week5_project2/implementation/system_microblaze_0_wrapper.ngc 1481109701
F:/ecom/lab2/Week5_project2/implementation/system_mb_plb_wrapper.ngc 1481109571
F:/ecom/lab2/Week5_project2/implementation/system_ilmb_wrapper.ngc 1481109704
F:/ecom/lab2/Week5_project2/implementation/system_dlmb_wrapper.ngc 1481109707
F:/ecom/lab2/Week5_project2/implementation/system_dlmb_cntlr_wrapper.ngc 1481109588
F:/ecom/lab2/Week5_project2/implementation/system_ilmb_cntlr_wrapper.ngc 1481109595
F:/ecom/lab2/Week5_project2/implementation/system_lmb_bram_wrapper.ngc 1481109601
F:/ecom/lab2/Week5_project2/implementation/system_clock_generator_0_wrapper.ngc 1481109711
F:/ecom/lab2/Week5_project2/implementation/system_mdm_0_wrapper.ngc 1481109623
F:/ecom/lab2/Week5_project2/implementation/system_proc_sys_reset_0_wrapper.ngc 1481109629
F:/ecom/lab2/Week5_project2/implementation/system_running_leds_wrapper.ngc 1481109646
F:/ecom/lab2/Week5_project2/implementation/system_vga_interface_0_wrapper.ngc 1481109679
F:/ecom/lab2/Week5_project2/implementation/system_camera_interface_0_wrapper.ngc 1481109687
F:/ecom/lab2/Week5_project2/implementation/system_camera2mb_wrapper.ngc 1481109714
F:/ecom/lab2/Week5_project2/implementation/system_mb2vga_wrapper.ngc 1481109717
OK
